[2026-05-25 16:25:12] -========================================-
[2026-05-25 16:25:12] -= Gothic 2 Online: Night of the Raven v0.3.7.0
[2026-05-25 16:25:12] -========================================-
[2026-05-25 16:25:12] -= Copyright (c) 2015-2026 GO Team
[2026-05-25 16:25:12] -= Build date: May 25 2026 04:26:31
[2026-05-25 16:25:12] -= Minimal build version: 0
[2026-05-25 16:25:12] -========================================-
[2026-05-25 16:25:14] 
[2026-05-25 16:25:14] Server has successfully started...
[2026-05-25 16:25:14] [squirrel] Failed to call event handler registered at gamemodes/phoenix/modules/database/server/connector.nut:44
[2026-05-25 16:25:14] [squirrel] Runtime error: [error] Incorrect datetime value: '0000-00-00 00:00:00' for column 'updatedAt' at row 1 code: 1292 lib/orm/src/migration.nut:207

[2026-05-25 16:35:10] Warning! Please use CTRL + C, instead of close button to properly close the application.
[2026-05-25 16:35:38] -========================================-
[2026-05-25 16:35:38] -= Gothic 2 Online: Night of the Raven v0.3.7.0
[2026-05-25 16:35:38] -========================================-
[2026-05-25 16:35:38] -= Copyright (c) 2015-2026 GO Team
[2026-05-25 16:35:38] -= Build date: May 25 2026 04:26:31
[2026-05-25 16:35:38] -= Minimal build version: 0
[2026-05-25 16:35:38] -========================================-
[2026-05-25 16:35:38] 
[2026-05-25 16:35:38] Server has successfully started...
[2026-05-25 16:35:38] [squirrel] Failed to call event handler registered at gamemodes/phoenix/modules/database/server/connector.nut:44
[2026-05-25 16:35:38] [squirrel] Runtime error: [error] Incorrect datetime value: '0000-00-00 00:00:00' for column 'updatedAt' at row 1 code: 1292 lib/orm/src/migration.nut:207

[2026-05-25 16:39:36] Warning! Please use CTRL + C, instead of close button to properly close the application.
